Microsoft Windows [Version 6.1.7601]
Copyright (c) 2009 Microsoft Corporation.  All rights reserved.

C:\Users\Student>heroku --version
heroku/7.18.3 win32-x86 node-v10.12.0

C:\Users\Student>npm i update-node
C:\Users\Student
`-- update-node@0.1.0
  +-- buntstift@0.4.0
  | +-- chalk@1.1.1
  | | +-- ansi-styles@2.2.1
  | | +-- escape-string-regexp@1.0.5
  | | +-- has-ansi@2.0.0
  | | | `-- ansi-regex@2.1.1
  | | +-- strip-ansi@3.0.1
  | | `-- supports-color@2.0.0
  | +-- markup-js@1.5.21
  | `-- node-spinner@0.0.4
  |   `-- util-extend@1.0.3
  `-- commander@2.9.0
    `-- graceful-readlink@1.0.1

npm WARN enoent ENOENT: no such file or directory, open 'C:\Users\Student\packag
e.json'
npm WARN Student No description
npm WARN Student No repository field.
npm WARN Student No README data
npm WARN Student No license field.

C:\Users\Student>npm update -g

C:\Users\Student>D:

D:\>mkdir workshop

D:\>cd workshop

D:\workshop>dir
 Volume in drive D has no label.
 Volume Serial Number is 54E2-0842

 Directory of D:\workshop

10/25/2018  02:46 PM    <DIR>          .
10/25/2018  02:46 PM    <DIR>          ..
               0 File(s)              0 bytes
               2 Dir(s)  37,286,649,856 bytes free

D:\workshop>git clone https://github.com/arnelfrancis/myfirstrepo.git
Cloning into 'myfirstrepo'...
remote: Enumerating objects: 3, done.
remote: Counting objects: 100% (3/3), done.
remote: Total 3 (delta 0), reused 0 (delta 0), pack-reused 0
Unpacking objects: 100% (3/3), done.

D:\workshop>start.

D:\workshop>cd myfirstrepo

D:\workshop\myfirstrepo>subl README.md

D:\workshop\myfirstrepo>git status
On branch master
Your branch is up to date with 'origin/master'.

nothing to commit, working tree clean

D:\workshop\myfirstrepo>git status
On branch master
Your branch is up to date with 'origin/master'.

Changes not staged for commit:
  (use "git add <file>..." to update what will be committed)
  (use "git checkout -- <file>..." to discard changes in working directory)

        modified:   README.md

no changes added to commit (use "git add" and/or "git commit -a")

D:\workshop\myfirstrepo>git add .

D:\workshop\myfirstrepo>git status
On branch master
Your branch is up to date with 'origin/master'.

Changes to be committed:
  (use "git reset HEAD <file>..." to unstage)

        modified:   README.md


D:\workshop\myfirstrepo>git config user.name "arnelfrancis"

D:\workshop\myfirstrepo>git config user.name "arnelfrancisabaca@gmail.com"

D:\workshop\myfirstrepo>git config user.name "arnelfrancis"

D:\workshop\myfirstrepo>git commit -m "my first commit"

*** Please tell me who you are.

Run

  git config --global user.email "you@example.com"
  git config --global user.name "Your Name"

to set your account's default identity.
Omit --global to set the identity only in this repository.

fatal: unable to auto-detect email address (got 'Student@CL1-PC7.(none)')

D:\workshop\myfirstrepo>git config user.name "arnelfrancis"

D:\workshop\myfirstrepo>git config user.email "arnelfrancisabaca@gmail.com"

D:\workshop\myfirstrepo>git commit -m "my first commit"
[master ff1121b] my first commit
 1 file changed, 3 insertions(+), 1 deletion(-)

D:\workshop\myfirstrepo>git push
Enumerating objects: 5, done.
Counting objects: 100% (5/5), done.
Writing objects: 100% (3/3), 263 bytes | 263.00 KiB/s, done.
Total 3 (delta 0), reused 0 (delta 0)
To https://github.com/arnelfrancis/myfirstrepo.git
   4c48343..ff1121b  master -> master

D:\workshop\myfirstrepo>git status
On branch master
Your branch is up to date with 'origin/master'.

Untracked files:
  (use "git add <file>..." to include in what will be committed)

        frog.jpg

nothing added to commit but untracked files present (use "git add" to track)

D:\workshop\myfirstrepo>git add .

D:\workshop\myfirstrepo>git status
On branch master
Your branch is up to date with 'origin/master'.

Changes to be committed:
  (use "git reset HEAD <file>..." to unstage)

        new file:   frog.jpg


D:\workshop\myfirstrepo>git commit -m "nag upload ako ng image na frogee"
[master 257b664] nag upload ako ng image na frogee
 1 file changed, 0 insertions(+), 0 deletions(-)
 create mode 100644 frog.jpg

D:\workshop\myfirstrepo>git push
Enumerating objects: 4, done.
Counting objects: 100% (4/4), done.
Delta compression using up to 4 threads
Compressing objects: 100% (3/3), done.
Writing objects: 100% (3/3), 74.68 KiB | 18.67 MiB/s, done.
Total 3 (delta 0), reused 0 (delta 0)
To https://github.com/arnelfrancis/myfirstrepo.git
   ff1121b..257b664  master -> master

D:\workshop\myfirstrepo>git status
On branch master
Your branch is up to date with 'origin/master'.

Untracked files:
  (use "git add <file>..." to include in what will be committed)

        www/

nothing added to commit but untracked files present (use "git add" to track)

D:\workshop\myfirstrepo>git add .
warning: LF will be replaced by CRLF in www/about.html.
The file will have its original line endings in your working directory
warning: LF will be replaced by CRLF in www/css/styles.css.
The file will have its original line endings in your working directory
warning: LF will be replaced by CRLF in www/index.html.
The file will have its original line endings in your working directory
warning: LF will be replaced by CRLF in www/js/my-app.js.
The file will have its original line endings in your working directory
warning: LF will be replaced by CRLF in www/lib/framework7/css/framework7.ios.co
lors.css.
The file will have its original line endings in your working directory
warning: LF will be replaced by CRLF in www/lib/framework7/css/framework7.ios.co
lors.min.css.
The file will have its original line endings in your working directory
warning: LF will be replaced by CRLF in www/lib/framework7/css/framework7.ios.cs
s.
The file will have its original line endings in your working directory
warning: LF will be replaced by CRLF in www/lib/framework7/css/framework7.ios.mi
n.css.
The file will have its original line endings in your working directory
warning: LF will be replaced by CRLF in www/lib/framework7/css/framework7.ios.rt
l.css.
The file will have its original line endings in your working directory
warning: LF will be replaced by CRLF in www/lib/framework7/css/framework7.ios.rt
l.min.css.
The file will have its original line endings in your working directory
warning: LF will be replaced by CRLF in www/lib/framework7/css/framework7.materi
al.colors.css.
The file will have its original line endings in your working directory
warning: LF will be replaced by CRLF in www/lib/framework7/css/framework7.materi
al.colors.min.css.
The file will have its original line endings in your working directory
warning: LF will be replaced by CRLF in www/lib/framework7/css/framework7.materi
al.css.
The file will have its original line endings in your working directory
warning: LF will be replaced by CRLF in www/lib/framework7/css/framework7.materi
al.min.css.
The file will have its original line endings in your working directory
warning: LF will be replaced by CRLF in www/lib/framework7/css/framework7.materi
al.rtl.css.
The file will have its original line endings in your working directory
warning: LF will be replaced by CRLF in www/lib/framework7/css/framework7.materi
al.rtl.min.css.
The file will have its original line endings in your working directory
warning: LF will be replaced by CRLF in www/lib/framework7/js/framework7.js.
The file will have its original line endings in your working directory
warning: LF will be replaced by CRLF in www/lib/framework7/js/framework7.min.js.

The file will have its original line endings in your working directory

D:\workshop\myfirstrepo>git commit -m "uploaded files from sir clyde"
[master 3d8f05d] uploaded files from sir clyde
 22 files changed, 44571 insertions(+)
 create mode 100644 www/about.html
 create mode 100644 www/css/styles.css
 create mode 100644 www/index.html
 create mode 100644 www/js/my-app.js
 create mode 100644 www/lib/framework7/css/framework7.ios.colors.css
 create mode 100644 www/lib/framework7/css/framework7.ios.colors.min.css
 create mode 100644 www/lib/framework7/css/framework7.ios.css
 create mode 100644 www/lib/framework7/css/framework7.ios.min.css
 create mode 100644 www/lib/framework7/css/framework7.ios.rtl.css
 create mode 100644 www/lib/framework7/css/framework7.ios.rtl.min.css
 create mode 100644 www/lib/framework7/css/framework7.material.colors.css
 create mode 100644 www/lib/framework7/css/framework7.material.colors.min.css
 create mode 100644 www/lib/framework7/css/framework7.material.css
 create mode 100644 www/lib/framework7/css/framework7.material.min.css
 create mode 100644 www/lib/framework7/css/framework7.material.rtl.css
 create mode 100644 www/lib/framework7/css/framework7.material.rtl.min.css
 create mode 100644 www/lib/framework7/img/i-f7-ios.png
 create mode 100644 www/lib/framework7/img/i-f7-material.png
 create mode 100644 www/lib/framework7/js/framework7.js
 create mode 100644 www/lib/framework7/js/framework7.js.map
 create mode 100644 www/lib/framework7/js/framework7.min.js
 create mode 100644 www/lib/framework7/js/framework7.min.js.map

D:\workshop\myfirstrepo>git push
Enumerating objects: 33, done.
Counting objects: 100% (33/33), done.
Delta compression using up to 4 threads
Compressing objects: 100% (29/29), done.
Writing objects: 100% (32/32), 622.50 KiB | 3.75 MiB/s, done.
Total 32 (delta 9), reused 0 (delta 0)
remote: Resolving deltas: 100% (9/9), done.
To https://github.com/arnelfrancis/myfirstrepo.git
   257b664..3d8f05d  master -> master

D:\workshop\myfirstrepo>